// Jest Snapshot v1, https://goo.gl/fbAQLP

exports[`render when there are no items 1`] = `<div />`;
